// Jest Snapshot v1, https://goo.gl/fbAQLP

exports[`Character component renders Character 1`] = `
<DocumentFragment>
  <figure>
    <img
      alt="test"
      src="test.png"
    />
    <figcaption>
      test
    </figcaption>
  </figure>
</DocumentFragment>
`;
